Component: ARM Compiler 5.05 update 1 (build 106) Tool: armlink [4d0efa]

==============================================================================

Section Cross References

    main.o(.text) refers to 1650.o(.text) for Scan_Key
    main.o(.text) refers to flash.o(.text) for WriteFlashOneWord
    main.o(.text) refers to delay.o(.text) for delay_init
    main.o(.text) refers to sys.o(.text) for NVIC_Configuration
    main.o(.text) refers to usart.o(.text) for uart_init
    main.o(.text) refers to dma.o(.text) for DMA_USART1_Configuration
    main.o(.text) refers to led.o(.text) for Init_LEDpin
    main.o(.text) refers to wdg.o(.text) for IWDG_Init
    main.o(.text) refers to can.o(.text) for CAN_Mode_Init
    main.o(.text) refers to 74hc595.o(.text) for HC595SendData
    main.o(.text) refers to main.o(.data) for key
    main.o(.text) refers to can.o(.data) for shumaguan_num
    main.o(.text) refers to main.o(.bss) for Temp_Data
    stm32f10x_it.o(.text) refers to stm32f10x_dma.o(.text) for DMA_GetITStatus
    system_stm32f10x.o(.text) refers to system_stm32f10x.o(.data) for SystemCoreClock
    modbus_slave_170m.o(.text) refers to dma.o(.bss) for send3_buf
    modbus_slave_170m.o(.text) refers to modbus_slave_170m.o(.data) for sendlength2
    modbus_slave_170m.o(.text) refers to modbus_slave_170m.o(.bss) for PLC2_OutPut
    modbus_slave_170m.o(.text) refers to dma.o(.text) for Uart1_Start_DMA_Tx
    modbus_slave_170m.o(.text) refers to dma.o(.data) for rece3_index
    led.o(.text) refers to stm32f10x_rcc.o(.text) for RCC_APB2PeriphClockCmd
    led.o(.text) refers to stm32f10x_gpio.o(.text) for GPIO_PinRemapConfig
    dma.o(.text) refers to stm32f10x_rcc.o(.text) for RCC_AHBPeriphClockCmd
    dma.o(.text) refers to stm32f10x_dma.o(.text) for DMA_DeInit
    dma.o(.text) refers to dma.o(.bss) for rece3_buf
    adc.o(.text) refers to stm32f10x_rcc.o(.text) for RCC_AHBPeriphClockCmd
    adc.o(.text) refers to stm32f10x_gpio.o(.text) for GPIO_Init
    adc.o(.text) refers to stm32f10x_adc.o(.text) for ADC_DeInit
    adc.o(.text) refers to fflt_clz.o(x$fpl$fflt) for __aeabi_i2f
    adc.o(.text) refers to stm32f10x_dma.o(.text) for DMA_GetITStatus
    adc.o(.text) refers to dma.o(.bss) for AD_Value
    adc.o(.text) refers to adc.o(.bss) for After_filter
    can.o(.text) refers to stm32f10x_rcc.o(.text) for RCC_APB1PeriphClockCmd
    can.o(.text) refers to stm32f10x_gpio.o(.text) for GPIO_Init
    can.o(.text) refers to stm32f10x_can.o(.text) for CAN_DeInit
    can.o(.text) refers to misc.o(.text) for NVIC_Init
    can.o(.text) refers to 74hc595.o(.text) for HC595SendData
    can.o(.text) refers to can.o(.data) for shumaguan_num
    can.o(.text) refers to can.o(.bss) for RxMessage
    flash.o(.text) refers to stm32f10x_flash.o(.text) for FLASH_UnlockBank1
    flash.o(.text) refers to flash.o(.data) for FLASHStatus
    1650.o(.text) refers to delay.o(.text) for delay_us
    1650.o(.text) refers to stm32f10x_gpio.o(.text) for GPIO_Init
    74hc595.o(.text) refers to delay.o(.text) for delay_us
    wdg.o(.text) refers to stm32f10x_iwdg.o(.text) for IWDG_WriteAccessCmd
    startup_stm32f10x_md.o(STACK) refers (Special) to heapauxi.o(.text) for __use_two_region_memory
    startup_stm32f10x_md.o(HEAP) refers (Special) to heapauxi.o(.text) for __use_two_region_memory
    startup_stm32f10x_md.o(RESET) refers (Special) to heapauxi.o(.text) for __use_two_region_memory
    startup_stm32f10x_md.o(RESET) refers to startup_stm32f10x_md.o(STACK) for __initial_sp
    startup_stm32f10x_md.o(RESET) refers to startup_stm32f10x_md.o(.text) for Reset_Handler
    startup_stm32f10x_md.o(RESET) refers to stm32f10x_it.o(.text) for NMI_Handler
    startup_stm32f10x_md.o(RESET) refers to adc.o(.text) for DMA1_Channel1_IRQHandler
    startup_stm32f10x_md.o(RESET) refers to can.o(.text) for USB_LP_CAN1_RX0_IRQHandler
    startup_stm32f10x_md.o(RESET) refers to usart.o(.text) for USART1_IRQHandler
    startup_stm32f10x_md.o(.text) refers (Special) to heapauxi.o(.text) for __use_two_region_memory
    startup_stm32f10x_md.o(.text) refers to system_stm32f10x.o(.text) for SystemInit
    startup_stm32f10x_md.o(.text) refers to __main.o(!!!main) for __main
    startup_stm32f10x_md.o(.text) refers to startup_stm32f10x_md.o(HEAP) for Heap_Mem
    startup_stm32f10x_md.o(.text) refers to startup_stm32f10x_md.o(STACK) for Stack_Mem
    stm32f10x_gpio.o(.text) refers to stm32f10x_rcc.o(.text) for RCC_APB2PeriphResetCmd
    stm32f10x_rcc.o(.text) refers to stm32f10x_rcc.o(.data) for APBAHBPrescTable
    stm32f10x_usart.o(.text) refers to stm32f10x_rcc.o(.text) for RCC_APB2PeriphResetCmd
    stm32f10x_adc.o(.text) refers to stm32f10x_rcc.o(.text) for RCC_APB2PeriphResetCmd
    stm32f10x_can.o(.text) refers to stm32f10x_rcc.o(.text) for RCC_APB1PeriphResetCmd
    delay.o(.text) refers to misc.o(.text) for SysTick_CLKSourceConfig
    delay.o(.text) refers to system_stm32f10x.o(.data) for SystemCoreClock
    delay.o(.text) refers to delay.o(.data) for fac_us
    sys.o(.text) refers to misc.o(.text) for NVIC_PriorityGroupConfig
    usart.o(.text) refers (Special) to use_no_semi_2.o(.text) for __use_no_semihosting
    usart.o(.text) refers to stm32f10x_rcc.o(.text) for RCC_APB2PeriphClockCmd
    usart.o(.text) refers to stm32f10x_gpio.o(.text) for GPIO_Init
    usart.o(.text) refers to stm32f10x_usart.o(.text) for USART_Init
    usart.o(.text) refers to stm32f10x_dma.o(.text) for DMA_Cmd
    usart.o(.text) refers to modbus_slave_170m.o(.text) for AnalyzeRecieve2
    usart.o(.text) refers to dma.o(.data) for rece3_index
    usart.o(.text) refers to dma.o(.bss) for rece3_buf
    usart.o(.bss) refers (Special) to use_no_semi_2.o(.text) for __use_no_semihosting
    usart.o(.data) refers (Special) to use_no_semi_2.o(.text) for __use_no_semihosting
    use_no_semi_2.o(.text) refers (Special) to use_no_semi.o(.text) for __use_no_semihosting_swi
    __main.o(!!!main) refers to __rtentry.o(.ARM.Collect$$rtentry$$00000000) for __rt_entry
    fflt_clz.o(x$fpl$ffltu) refers (Special) to usenofp.o(x$fpl$usenofp) for __I$use$fp
    fflt_clz.o(x$fpl$fflt) refers (Special) to usenofp.o(x$fpl$usenofp) for __I$use$fp
    fflt_clz.o(x$fpl$ffltn) refers (Special) to usenofp.o(x$fpl$usenofp) for __I$use$fp
    __rtentry.o(.ARM.Collect$$rtentry$$00000000) refers (Special) to __rtentry2.o(.ARM.Collect$$rtentry$$0000000A) for __rt_entry_li
    __rtentry.o(.ARM.Collect$$rtentry$$00000000) refers (Special) to __rtentry2.o(.ARM.Collect$$rtentry$$0000000D) for __rt_entry_main
    __rtentry.o(.ARM.Collect$$rtentry$$00000000) refers (Special) to __rtentry2.o(.ARM.Collect$$rtentry$$0000000C) for __rt_entry_postli_1
    __rtentry.o(.ARM.Collect$$rtentry$$00000000) refers (Special) to __rtentry2.o(.ARM.Collect$$rtentry$$00000009) for __rt_entry_postsh_1
    __rtentry.o(.ARM.Collect$$rtentry$$00000000) refers (Special) to __rtentry2.o(.ARM.Collect$$rtentry$$00000002) for __rt_entry_presh_1
    __rtentry.o(.ARM.Collect$$rtentry$$00000000) refers (Special) to __rtentry4.o(.ARM.Collect$$rtentry$$00000004) for __rt_entry_sh
    __rtentry2.o(.ARM.Collect$$rtentry$$00000008) refers to boardinit2.o(.text) for _platform_post_stackheap_init
    __rtentry2.o(.ARM.Collect$$rtentry$$0000000A) refers to libinit.o(.ARM.Collect$$libinit$$00000000) for __rt_lib_init
    __rtentry2.o(.ARM.Collect$$rtentry$$0000000B) refers to boardinit3.o(.text) for _platform_post_lib_init
    __rtentry2.o(.ARM.Collect$$rtentry$$0000000D) refers to main.o(.text) for main
    __rtentry2.o(.ARM.Collect$$rtentry$$0000000D) refers to exit.o(.text) for exit
    __rtentry2.o(.ARM.exidx) refers to __rtentry2.o(.ARM.Collect$$rtentry$$00000001) for .ARM.Collect$$rtentry$$00000001
    __rtentry2.o(.ARM.exidx) refers to __rtentry2.o(.ARM.Collect$$rtentry$$00000008) for .ARM.Collect$$rtentry$$00000008
    __rtentry2.o(.ARM.exidx) refers to __rtentry2.o(.ARM.Collect$$rtentry$$0000000A) for .ARM.Collect$$rtentry$$0000000A
    __rtentry2.o(.ARM.exidx) refers to __rtentry2.o(.ARM.Collect$$rtentry$$0000000B) for .ARM.Collect$$rtentry$$0000000B
    __rtentry2.o(.ARM.exidx) refers to __rtentry2.o(.ARM.Collect$$rtentry$$0000000D) for .ARM.Collect$$rtentry$$0000000D
    __rtentry4.o(.ARM.Collect$$rtentry$$00000004) refers to sys_stackheap_outer.o(.text) for __user_setup_stackheap
    __rtentry4.o(.ARM.exidx) refers to __rtentry4.o(.ARM.Collect$$rtentry$$00000004) for .ARM.Collect$$rtentry$$00000004
    sys_stackheap_outer.o(.text) refers to libspace.o(.text) for __user_perproc_libspace
    sys_stackheap_outer.o(.text) refers to startup_stm32f10x_md.o(.text) for __user_initial_stackheap
    exit.o(.text) refers to rtexit.o(.ARM.Collect$$rtexit$$00000000) for __rt_exit
    libinit.o(.ARM.Collect$$libinit$$00000000) refers (Special) to libinit2.o(.ARM.Collect$$libinit$$0000002E) for __rt_lib_init_alloca_1
    libinit.o(.ARM.Collect$$libinit$$00000000) refers (Special) to libinit2.o(.ARM.Collect$$libinit$$0000002C) for __rt_lib_init_argv_1
    libinit.o(.ARM.Collect$$libinit$$00000000) refers (Special) to libinit2.o(.ARM.Collect$$libinit$$0000001B) for __rt_lib_init_atexit_1
    libinit.o(.ARM.Collect$$libinit$$00000000) refers (Special) to libinit2.o(.ARM.Collect$$libinit$$00000021) for __rt_lib_init_clock_1
    libinit.o(.ARM.Collect$$libinit$$00000000) refers (Special) to libinit2.o(.ARM.Collect$$libinit$$00000032) for __rt_lib_init_cpp_1
    libinit.o(.ARM.Collect$$libinit$$00000000) refers (Special) to libinit2.o(.ARM.Collect$$libinit$$00000030) for __rt_lib_init_exceptions_1
    libinit.o(.ARM.Collect$$libinit$$00000000) refers (Special) to libinit2.o(.ARM.Collect$$libinit$$00000002) for __rt_lib_init_fp_1
    libinit.o(.ARM.Collect$$libinit$$00000000) refers (Special) to libinit2.o(.ARM.Collect$$libinit$$0000001F) for __rt_lib_init_fp_trap_1
    libinit.o(.ARM.Collect$$libinit$$00000000) refers (Special) to libinit2.o(.ARM.Collect$$libinit$$00000023) for __rt_lib_init_getenv_1
    libinit.o(.ARM.Collect$$libinit$$00000000) refers (Special) to libinit2.o(.ARM.Collect$$libinit$$0000000A) for __rt_lib_init_heap_1
    libinit.o(.ARM.Collect$$libinit$$00000000) refers (Special) to libinit2.o(.ARM.Collect$$libinit$$00000011) for __rt_lib_init_lc_collate_1
    libinit.o(.ARM.Collect$$libinit$$00000000) refers (Special) to libinit2.o(.ARM.Collect$$libinit$$00000013) for __rt_lib_init_lc_ctype_1
    libinit.o(.ARM.Collect$$libinit$$00000000) refers (Special) to libinit2.o(.ARM.Collect$$libinit$$00000015) for __rt_lib_init_lc_monetary_1
    libinit.o(.ARM.Collect$$libinit$$00000000) refers (Special) to libinit2.o(.ARM.Collect$$libinit$$00000017) for __rt_lib_init_lc_numeric_1
    libinit.o(.ARM.Collect$$libinit$$00000000) refers (Special) to libinit2.o(.ARM.Collect$$libinit$$00000019) for __rt_lib_init_lc_time_1
    libinit.o(.ARM.Collect$$libinit$$00000000) refers (Special) to libinit2.o(.ARM.Collect$$libinit$$00000004) for __rt_lib_init_preinit_1
    libinit.o(.ARM.Collect$$libinit$$00000000) refers (Special) to libinit2.o(.ARM.Collect$$libinit$$0000000E) for __rt_lib_init_rand_1
    libinit.o(.ARM.Collect$$libinit$$00000000) refers (Special) to libinit2.o(.ARM.Collect$$libinit$$00000033) for __rt_lib_init_return
    libinit.o(.ARM.Collect$$libinit$$00000000) refers (Special) to libinit2.o(.ARM.Collect$$libinit$$0000001D) for __rt_lib_init_signal_1
    libinit.o(.ARM.Collect$$libinit$$00000000) refers (Special) to libinit2.o(.ARM.Collect$$libinit$$00000025) for __rt_lib_init_stdio_1
    libinit.o(.ARM.Collect$$libinit$$00000000) refers (Special) to libinit2.o(.ARM.Collect$$libinit$$0000000C) for __rt_lib_init_user_alloc_1
    libspace.o(.text) refers to libspace.o(.bss) for __libspace_start
    rtexit.o(.ARM.Collect$$rtexit$$00000000) refers (Special) to rtexit2.o(.ARM.Collect$$rtexit$$00000004) for __rt_exit_exit
    rtexit.o(.ARM.Collect$$rtexit$$00000000) refers (Special) to rtexit2.o(.ARM.Collect$$rtexit$$00000003) for __rt_exit_ls
    rtexit.o(.ARM.Collect$$rtexit$$00000000) refers (Special) to rtexit2.o(.ARM.Collect$$rtexit$$00000002) for __rt_exit_prels_1
    rtexit.o(.ARM.exidx) refers (Special) to rtexit2.o(.ARM.Collect$$rtexit$$00000004) for __rt_exit_exit
    rtexit.o(.ARM.exidx) refers (Special) to rtexit2.o(.ARM.Collect$$rtexit$$00000003) for __rt_exit_ls
    rtexit.o(.ARM.exidx) refers (Special) to rtexit2.o(.ARM.Collect$$rtexit$$00000002) for __rt_exit_prels_1
    rtexit.o(.ARM.exidx) refers to rtexit.o(.ARM.Collect$$rtexit$$00000000) for .ARM.Collect$$rtexit$$00000000
    libinit2.o(.ARM.Collect$$libinit$$00000010) refers to libinit2.o(.ARM.Collect$$libinit$$0000000F) for .ARM.Collect$$libinit$$0000000F
    libinit2.o(.ARM.Collect$$libinit$$00000012) refers to libinit2.o(.ARM.Collect$$libinit$$0000000F) for .ARM.Collect$$libinit$$0000000F
    libinit2.o(.ARM.Collect$$libinit$$00000014) refers to libinit2.o(.ARM.Collect$$libinit$$0000000F) for .ARM.Collect$$libinit$$0000000F
    libinit2.o(.ARM.Collect$$libinit$$00000016) refers to libinit2.o(.ARM.Collect$$libinit$$0000000F) for .ARM.Collect$$libinit$$0000000F
    libinit2.o(.ARM.Collect$$libinit$$00000018) refers to libinit2.o(.ARM.Collect$$libinit$$0000000F) for .ARM.Collect$$libinit$$0000000F
    libinit2.o(.ARM.Collect$$libinit$$00000026) refers to argv_veneer.o(.emb_text) for __ARM_argv_veneer
    libinit2.o(.ARM.Collect$$libinit$$00000027) refers to argv_veneer.o(.emb_text) for __ARM_argv_veneer
    rtexit2.o(.ARM.Collect$$rtexit$$00000003) refers to libshutdown.o(.ARM.Collect$$libshutdown$$00000000) for __rt_lib_shutdown
    rtexit2.o(.ARM.Collect$$rtexit$$00000004) refers to usart.o(.text) for _sys_exit
    rtexit2.o(.ARM.exidx) refers to rtexit2.o(.ARM.Collect$$rtexit$$00000001) for .ARM.Collect$$rtexit$$00000001
    rtexit2.o(.ARM.exidx) refers to rtexit2.o(.ARM.Collect$$rtexit$$00000003) for .ARM.Collect$$rtexit$$00000003
    rtexit2.o(.ARM.exidx) refers to rtexit2.o(.ARM.Collect$$rtexit$$00000004) for .ARM.Collect$$rtexit$$00000004
    argv_veneer.o(.emb_text) refers to no_argv.o(.text) for __ARM_get_argv
    _get_argv_nomalloc.o(.text) refers (Special) to hrguard.o(.text) for __heap_region$guard
    _get_argv_nomalloc.o(.text) refers to defsig_rtmem_outer.o(.text) for __rt_SIGRTMEM
    _get_argv_nomalloc.o(.text) refers to sys_command.o(.text) for _sys_command_string
    libshutdown.o(.ARM.Collect$$libshutdown$$00000000) refers (Special) to libshutdown2.o(.ARM.Collect$$libshutdown$$00000006) for __rt_lib_shutdown_fp_trap_1
    libshutdown.o(.ARM.Collect$$libshutdown$$00000000) refers (Special) to libshutdown2.o(.ARM.Collect$$libshutdown$$0000000E) for __rt_lib_shutdown_heap_1
    libshutdown.o(.ARM.Collect$$libshutdown$$00000000) refers (Special) to libshutdown2.o(.ARM.Collect$$libshutdown$$0000000F) for __rt_lib_shutdown_return
    libshutdown.o(.ARM.Collect$$libshutdown$$00000000) refers (Special) to libshutdown2.o(.ARM.Collect$$libshutdown$$00000009) for __rt_lib_shutdown_signal_1
    libshutdown.o(.ARM.Collect$$libshutdown$$00000000) refers (Special) to libshutdown2.o(.ARM.Collect$$libshutdown$$00000003) for __rt_lib_shutdown_stdio_1
    libshutdown.o(.ARM.Collect$$libshutdown$$00000000) refers (Special) to libshutdown2.o(.ARM.Collect$$libshutdown$$0000000B) for __rt_lib_shutdown_user_alloc_1
    sys_command.o(.text) refers (Special) to use_no_semi.o(.text) for __I$use$semihosting
    sys_command.o(.text) refers (Special) to indicate_semi.o(.text) for __semihosting_library_function
    defsig_rtmem_outer.o(.text) refers to defsig_rtmem_inner.o(.text) for __rt_SIGRTMEM_inner
    defsig_rtmem_outer.o(.text) refers to defsig_exit.o(.text) for __sig_exit
    defsig_rtmem_formal.o(.text) refers to rt_raise.o(.text) for __rt_raise
    rt_raise.o(.text) refers to __raise.o(.text) for __raise
    rt_raise.o(.text) refers to usart.o(.text) for _sys_exit
    defsig_exit.o(.text) refers to usart.o(.text) for _sys_exit
    defsig_rtmem_inner.o(.text) refers to defsig_general.o(.text) for __default_signal_display
    __raise.o(.text) refers to defsig.o(CL$$defsig) for __default_signal_handler
    defsig_general.o(.text) refers to sys_wrch.o(.text) for _ttywrch
    sys_wrch.o(.text) refers (Special) to use_no_semi.o(.text) for __I$use$semihosting
    sys_wrch.o(.text) refers (Special) to indicate_semi.o(.text) for __semihosting_library_function
    defsig.o(CL$$defsig) refers to defsig_rtmem_inner.o(.text) for __rt_SIGRTMEM_inner
    defsig_abrt_inner.o(.text) refers to defsig_general.o(.text) for __default_signal_display
    defsig_fpe_inner.o(.text) refers to defsig_general.o(.text) for __default_signal_display
    defsig_rtred_inner.o(.text) refers to defsig_general.o(.text) for __default_signal_display
    defsig_stak_inner.o(.text) refers to defsig_general.o(.text) for __default_signal_display
    defsig_pvfn_inner.o(.text) refers to defsig_general.o(.text) for __default_signal_display
    defsig_cppl_inner.o(.text) refers to defsig_general.o(.text) for __default_signal_display
    defsig_segv_inner.o(.text) refers to defsig_general.o(.text) for __default_signal_display
    defsig_other.o(.text) refers to defsig_general.o(.text) for __default_signal_display


==============================================================================

Removing Unused input sections from the image.

    Removing core_cm3.o(.emb_text), (32 bytes).
    Removing usart.o(.bss), (30 bytes).
    Removing usart.o(.data), (6 bytes).

3 unused section(s) (total 68 bytes) removed from the image.

==============================================================================

Image Symbol Table

    Local Symbols

    Symbol Name                              Value     Ov Type        Size  Object(Section)

    ../clib/angel/boardlib.s                 0x00000000   Number         0  boardinit1.o ABSOLUTE
    ../clib/angel/boardlib.s                 0x00000000   Number         0  boardinit2.o ABSOLUTE
    ../clib/angel/boardlib.s                 0x00000000   Number         0  boardinit3.o ABSOLUTE
    ../clib/angel/boardlib.s                 0x00000000   Number         0  boardshut.o ABSOLUTE
    ../clib/angel/handlers.s                 0x00000000   Number         0  __scatter_zi.o ABSOLUTE
    ../clib/angel/handlers.s                 0x00000000   Number         0  __scatter_copy.o ABSOLUTE
    ../clib/angel/kernel.s                   0x00000000   Number         0  __rtentry.o ABSOLUTE
    ../clib/angel/kernel.s                   0x00000000   Number         0  __rtentry4.o ABSOLUTE
    ../clib/angel/kernel.s                   0x00000000   Number         0  __rtentry2.o ABSOLUTE
    ../clib/angel/kernel.s                   0x00000000   Number         0  rtexit.o ABSOLUTE
    ../clib/angel/kernel.s                   0x00000000   Number         0  rtexit2.o ABSOLUTE
    ../clib/angel/rt.s                       0x00000000   Number         0  rt_raise.o ABSOLUTE
    ../clib/angel/scatter.s                  0x00000000   Number         0  __scatter.o ABSOLUTE
    ../clib/angel/startup.s                  0x00000000   Number         0  __main.o ABSOLUTE
    ../clib/angel/sys.s                      0x00000000   Number         0  indicate_semi.o ABSOLUTE
    ../clib/angel/sys.s                      0x00000000   Number         0  use_no_semi_2.o ABSOLUTE
    ../clib/angel/sys.s                      0x00000000   Number         0  sys_stackheap_outer.o ABSOLUTE
    ../clib/angel/sys.s                      0x00000000   Number         0  use_no_semi.o ABSOLUTE
    ../clib/angel/sys.s                      0x00000000   Number         0  libspace.o ABSOLUTE
    ../clib/angel/sysapp.c                   0x00000000   Number         0  sys_command.o ABSOLUTE
    ../clib/angel/sysapp.c                   0x00000000   Number         0  sys_wrch.o ABSOLUTE
    ../clib/armsys.c                         0x00000000   Number         0  argv_veneer.o ABSOLUTE
    ../clib/armsys.c                         0x00000000   Number         0  argv_veneer.o ABSOLUTE
    ../clib/armsys.c                         0x00000000   Number         0  _get_argv_nomalloc.o ABSOLUTE
    ../clib/armsys.c                         0x00000000   Number         0  no_argv.o ABSOLUTE
    ../clib/heapalloc.c                      0x00000000   Number         0  hrguard.o ABSOLUTE
    ../clib/heapaux.c                        0x00000000   Number         0  heapauxi.o ABSOLUTE
    ../clib/libinit.s                        0x00000000   Number         0  libinit.o ABSOLUTE
    ../clib/libinit.s                        0x00000000   Number         0  libinit2.o ABSOLUTE
    ../clib/libinit.s                        0x00000000   Number         0  libshutdown.o ABSOLUTE
    ../clib/libinit.s                        0x00000000   Number         0  libshutdown2.o ABSOLUTE
    ../clib/signal.c                         0x00000000   Number         0  defsig_rtmem_outer.o ABSOLUTE
    ../clib/signal.c                         0x00000000   Number         0  defsig_segv_inner.o ABSOLUTE
    ../clib/signal.c                         0x00000000   Number         0  defsig_cppl_inner.o ABSOLUTE
    ../clib/signal.c                         0x00000000   Number         0  defsig_pvfn_inner.o ABSOLUTE
    ../clib/signal.c                         0x00000000   Number         0  defsig_stak_inner.o ABSOLUTE
    ../clib/signal.c                         0x00000000   Number         0  defsig_rtred_inner.o ABSOLUTE
    ../clib/signal.c                         0x00000000   Number         0  defsig_fpe_inner.o ABSOLUTE
    ../clib/signal.c                         0x00000000   Number         0  __raise.o ABSOLUTE
    ../clib/signal.c                         0x00000000   Number         0  defsig_abrt_inner.o ABSOLUTE
    ../clib/signal.c                         0x00000000   Number         0  defsig_general.o ABSOLUTE
    ../clib/signal.c                         0x00000000   Number         0  defsig_other.o ABSOLUTE
    ../clib/signal.c                         0x00000000   Number         0  defsig_rtmem_inner.o ABSOLUTE
    ../clib/signal.c                         0x00000000   Number         0  defsig_exit.o ABSOLUTE
    ../clib/signal.c                         0x00000000   Number         0  defsig_rtmem_formal.o ABSOLUTE
    ../clib/signal.s                         0x00000000   Number         0  defsig.o ABSOLUTE
    ../clib/stdlib.c                         0x00000000   Number         0  exit.o ABSOLUTE
    ../fplib/fflt.s                          0x00000000   Number         0  fflt_clz.o ABSOLUTE
    ../fplib/fpinit.s                        0x00000000   Number         0  fpinit.o ABSOLUTE
    ../fplib/usenofp.s                       0x00000000   Number         0  usenofp.o ABSOLUTE
    ..\CORE\core_cm3.c                       0x00000000   Number         0  core_cm3.o ABSOLUTE
    ..\CORE\startup_stm32f10x_md.s           0x00000000   Number         0  startup_stm32f10x_md.o ABSOLUTE
    ..\MyCode\74hc595\74hc595.c              0x00000000   Number         0  74hc595.o ABSOLUTE
    ..\MyCode\TM1650\1650.c                  0x00000000   Number         0  1650.o ABSOLUTE
    ..\MyCode\WDG\wdg.c                      0x00000000   Number         0  wdg.o ABSOLUTE
    ..\MyCode\adc\adc.c                      0x00000000   Number         0  adc.o ABSOLUTE
    ..\MyCode\can\can.c                      0x00000000   Number         0  can.o ABSOLUTE
    ..\MyCode\dam\dma.c                      0x00000000   Number         0  dma.o ABSOLUTE
    ..\MyCode\flash\flash.c                  0x00000000   Number         0  flash.o ABSOLUTE
    ..\MyCode\led\led.c                      0x00000000   Number         0  led.o ABSOLUTE
    ..\STM32_FWLIB\src\misc.c                0x00000000   Number         0  misc.o ABSOLUTE
    ..\STM32_FWLIB\src\stm32f10x_adc.c       0x00000000   Number         0  stm32f10x_adc.o ABSOLUTE
    ..\STM32_FWLIB\src\stm32f10x_can.c       0x00000000   Number         0  stm32f10x_can.o ABSOLUTE
    ..\STM32_FWLIB\src\stm32f10x_dma.c       0x00000000   Number         0  stm32f10x_dma.o ABSOLUTE
    ..\STM32_FWLIB\src\stm32f10x_flash.c     0x00000000   Number         0  stm32f10x_flash.o ABSOLUTE
    ..\STM32_FWLIB\src\stm32f10x_gpio.c      0x00000000   Number         0  stm32f10x_gpio.o ABSOLUTE
    ..\STM32_FWLIB\src\stm32f10x_iwdg.c      0x00000000   Number         0  stm32f10x_iwdg.o ABSOLUTE
    ..\STM32_FWLIB\src\stm32f10x_rcc.c       0x00000000   Number         0  stm32f10x_rcc.o ABSOLUTE
    ..\STM32_FWLIB\src\stm32f10x_usart.c     0x00000000   Number         0  stm32f10x_usart.o ABSOLUTE
    ..\SYSTEM\delay\delay.c                  0x00000000   Number         0  delay.o ABSOLUTE
    ..\SYSTEM\sys\sys.c                      0x00000000   Number         0  sys.o ABSOLUTE
    ..\SYSTEM\usart\usart.c                  0x00000000   Number         0  usart.o ABSOLUTE
    ..\\CORE\\core_cm3.c                     0x00000000   Number         0  core_cm3.o ABSOLUTE
    Modbus_slave_170M.c                      0x00000000   Number         0  modbus_slave_170m.o ABSOLUTE
    dc.s                                     0x00000000   Number         0  dc.o ABSOLUTE
    main.c                                   0x00000000   Number         0  main.o ABSOLUTE
    stm32f10x_it.c                           0x00000000   Number         0  stm32f10x_it.o ABSOLUTE
    system_stm32f10x.c                       0x00000000   Number         0  system_stm32f10x.o ABSOLUTE
    RESET                                    0x08000000   Section      236  startup_stm32f10x_md.o(RESET)
    !!!main                                  0x080000ec   Section        8  __main.o(!!!main)
    !!!scatter                               0x080000f4   Section       52  __scatter.o(!!!scatter)
    !!handler_copy                           0x08000128   Section       26  __scatter_copy.o(!!handler_copy)
    !!handler_zi                             0x08000144   Section       28  __scatter_zi.o(!!handler_zi)
    .ARM.Collect$$libinit$$00000000          0x08000160   Section        2  libinit.o(.ARM.Collect$$libinit$$00000000)
    .ARM.Collect$$libinit$$00000002          0x08000162   Section        0  libinit2.o(.ARM.Collect$$libinit$$00000002)
    .ARM.Collect$$libinit$$00000004          0x08000162   Section        0  libinit2.o(.ARM.Collect$$libinit$$00000004)
    .ARM.Collect$$libinit$$0000000A          0x08000162   Section        0  libinit2.o(.ARM.Collect$$libinit$$0000000A)
    .ARM.Collect$$libinit$$0000000C          0x08000162   Section        0  libinit2.o(.ARM.Collect$$libinit$$0000000C)
    .ARM.Collect$$libinit$$0000000E          0x08000162   Section        0  libinit2.o(.ARM.Collect$$libinit$$0000000E)
    .ARM.Collect$$libinit$$00000011          0x08000162   Section        0  libinit2.o(.ARM.Collect$$libinit$$00000011)
    .ARM.Collect$$libinit$$00000013          0x08000162   Section        0  libinit2.o(.ARM.Collect$$libinit$$00000013)
    .ARM.Collect$$libinit$$00000015          0x08000162   Section        0  libinit2.o(.ARM.Collect$$libinit$$00000015)
    .ARM.Collect$$libinit$$00000017          0x08000162   Section        0  libinit2.o(.ARM.Collect$$libinit$$00000017)
    .ARM.Collect$$libinit$$00000019          0x08000162   Section        0  libinit2.o(.ARM.Collect$$libinit$$00000019)
    .ARM.Collect$$libinit$$0000001B          0x08000162   Section        0  libinit2.o(.ARM.Collect$$libinit$$0000001B)
    .ARM.Collect$$libinit$$0000001D          0x08000162   Section        0  libinit2.o(.ARM.Collect$$libinit$$0000001D)
    .ARM.Collect$$libinit$$0000001F          0x08000162   Section        0  libinit2.o(.ARM.Collect$$libinit$$0000001F)
    .ARM.Collect$$libinit$$00000021          0x08000162   Section        0  libinit2.o(.ARM.Collect$$libinit$$00000021)
    .ARM.Collect$$libinit$$00000023          0x08000162   Section        0  libinit2.o(.ARM.Collect$$libinit$$00000023)
    .ARM.Collect$$libinit$$00000025          0x08000162   Section        0  libinit2.o(.ARM.Collect$$libinit$$00000025)
    .ARM.Collect$$libinit$$0000002C          0x08000162   Section        0  libinit2.o(.ARM.Collect$$libinit$$0000002C)
    .ARM.Collect$$libinit$$0000002E          0x08000162   Section        0  libinit2.o(.ARM.Collect$$libinit$$0000002E)
    .ARM.Collect$$libinit$$00000030          0x08000162   Section        0  libinit2.o(.ARM.Collect$$libinit$$00000030)
    .ARM.Collect$$libinit$$00000032          0x08000162   Section        0  libinit2.o(.ARM.Collect$$libinit$$00000032)
    .ARM.Collect$$libinit$$00000033          0x08000162   Section        2  libinit2.o(.ARM.Collect$$libinit$$00000033)
    .ARM.Collect$$libshutdown$$00000000      0x08000164   Section        2  libshutdown.o(.ARM.Collect$$libshutdown$$00000000)
    .ARM.Collect$$libshutdown$$00000003      0x08000166   Section        0  libshutdown2.o(.ARM.Collect$$libshutdown$$00000003)
    .ARM.Collect$$libshutdown$$00000006      0x08000166   Section        0  libshutdown2.o(.ARM.Collect$$libshutdown$$00000006)
    .ARM.Collect$$libshutdown$$00000009      0x08000166   Section        0  libshutdown2.o(.ARM.Collect$$libshutdown$$00000009)
    .ARM.Collect$$libshutdown$$0000000B      0x08000166   Section        0  libshutdown2.o(.ARM.Collect$$libshutdown$$0000000B)
    .ARM.Collect$$libshutdown$$0000000E      0x08000166   Section        0  libshutdown2.o(.ARM.Collect$$libshutdown$$0000000E)
    .ARM.Collect$$libshutdown$$0000000F      0x08000166   Section        2  libshutdown2.o(.ARM.Collect$$libshutdown$$0000000F)
    .ARM.Collect$$rtentry$$00000000          0x08000168   Section        0  __rtentry.o(.ARM.Collect$$rtentry$$00000000)
    .ARM.Collect$$rtentry$$00000002          0x08000168   Section        0  __rtentry2.o(.ARM.Collect$$rtentry$$00000002)
    .ARM.Collect$$rtentry$$00000004          0x08000168   Section        6  __rtentry4.o(.ARM.Collect$$rtentry$$00000004)
    .ARM.Collect$$rtentry$$00000009          0x0800016e   Section        0  __rtentry2.o(.ARM.Collect$$rtentry$$00000009)
    .ARM.Collect$$rtentry$$0000000A          0x0800016e   Section        4  __rtentry2.o(.ARM.Collect$$rtentry$$0000000A)
    .ARM.Collect$$rtentry$$0000000C          0x08000172   Section        0  __rtentry2.o(.ARM.Collect$$rtentry$$0000000C)
    .ARM.Collect$$rtentry$$0000000D          0x08000172   Section        8  __rtentry2.o(.ARM.Collect$$rtentry$$0000000D)
    .ARM.Collect$$rtexit$$00000000           0x0800017a   Section        2  rtexit.o(.ARM.Collect$$rtexit$$00000000)
    .ARM.Collect$$rtexit$$00000002           0x0800017c   Section        0  rtexit2.o(.ARM.Collect$$rtexit$$00000002)
    .ARM.Collect$$rtexit$$00000003           0x0800017c   Section        4  rtexit2.o(.ARM.Collect$$rtexit$$00000003)
    .ARM.Collect$$rtexit$$00000004           0x08000180   Section        6  rtexit2.o(.ARM.Collect$$rtexit$$00000004)
    .text                                    0x08000188   Section        0  main.o(.text)
    .text                                    0x08000364   Section        0  stm32f10x_it.o(.text)
    .text                                    0x080003a0   Section        0  system_stm32f10x.o(.text)
    SetSysClockTo72                          0x080003a1   Thumb Code   214  system_stm32f10x.o(.text)
    SetSysClock                              0x08000477   Thumb Code     8  system_stm32f10x.o(.text)
    .text                                    0x08000580   Section        0  modbus_slave_170m.o(.text)
    .text                                    0x08000c48   Section        0  led.o(.text)
    .text                                    0x08000d14   Section        0  dma.o(.text)
    .text                                    0x08000e44   Section        0  adc.o(.text)
    .text                                    0x08000f80   Section        0  can.o(.text)
    .text                                    0x0800125c   Section        0  flash.o(.text)
    .text                                    0x080012b8   Section        0  1650.o(.text)
    .text                                    0x08001458   Section        0  74hc595.o(.text)
    .text                                    0x080014b8   Section        0  wdg.o(.text)
    .text                                    0x080014e4   Section       64  startup_stm32f10x_md.o(.text)
    .text                                    0x08001524   Section        0  misc.o(.text)
    .text                                    0x08001600   Section        0  stm32f10x_gpio.o(.text)
    .text                                    0x0800195c   Section        0  stm32f10x_rcc.o(.text)
    .text                                    0x08001d00   Section        0  stm32f10x_usart.o(.text)
    .text                                    0x08002108   Section        0  stm32f10x_dma.o(.text)
    .text                                    0x0800235c   Section        0  stm32f10x_adc.o(.text)
    .text                                    0x080027ac   Section        0  stm32f10x_can.o(.text)
    CheckITStatus                            0x08002faf   Thumb Code    18  stm32f10x_can.o(.text)
    .text                                    0x0800319c   Section        0  stm32f10x_flash.o(.text)
    .text                                    0x08003758   Section        0  stm32f10x_iwdg.o(.text)
    .text                                    0x08003798   Section        0  delay.o(.text)
    .text                                    0x0800386c   Section        0  sys.o(.text)
    .text                                    0x080038d0   Section        0  usart.o(.text)
    .text                                    0x08003a18   Section        2  use_no_semi_2.o(.text)
    .text                                    0x08003a1a   Section        0  heapauxi.o(.text)
    .text                                    0x08003a20   Section        2  use_no_semi.o(.text)
    .text                                    0x08003a22   Section       74  sys_stackheap_outer.o(.text)
    .text                                    0x08003a6c   Section        0  exit.o(.text)
    .text                                    0x08003a78   Section        8  libspace.o(.text)
    x$fpl$fflt                               0x08003a80   Section       48  fflt_clz.o(x$fpl$fflt)
    x$fpl$usenofp                            0x08003ab0   Section        0  usenofp.o(x$fpl$usenofp)
    .data                                    0x20000000   Section       48  main.o(.data)
    .data                                    0x20000030   Section       20  system_stm32f10x.o(.data)
    .data                                    0x20000044   Section      130  modbus_slave_170m.o(.data)
    .data                                    0x200000c6   Section        1  dma.o(.data)
    .data                                    0x200000c8   Section        8  can.o(.data)
    .data                                    0x200000d0   Section        1  flash.o(.data)
    .data                                    0x200000d1   Section       20  stm32f10x_rcc.o(.data)
    APBAHBPrescTable                         0x200000d1   Data          16  stm32f10x_rcc.o(.data)
    ADCPrescTable                            0x200000e1   Data           4  stm32f10x_rcc.o(.data)
    .data                                    0x200000e6   Section        4  delay.o(.data)
    fac_us                                   0x200000e6   Data           1  delay.o(.data)
    fac_ms                                   0x200000e8   Data           2  delay.o(.data)
    .bss                                     0x200000ec   Section       40  main.o(.bss)
    .bss                                     0x20000114   Section      128  modbus_slave_170m.o(.bss)
    .bss                                     0x20000194   Section      496  dma.o(.bss)
    .bss                                     0x20000384   Section       16  adc.o(.bss)
    .bss                                     0x20000394   Section       20  can.o(.bss)
    .bss                                     0x200003a8   Section       96  libspace.o(.bss)
    HEAP                                     0x20000408   Section      512  startup_stm32f10x_md.o(HEAP)
    Heap_Mem                                 0x20000408   Data         512  startup_stm32f10x_md.o(HEAP)
    STACK                                    0x20000608   Section     1024  startup_stm32f10x_md.o(STACK)
    Stack_Mem                                0x20000608   Data        1024  startup_stm32f10x_md.o(STACK)
    __initial_sp                             0x20000a08   Data           0  startup_stm32f10x_md.o(STACK)

    Global Symbols

    Symbol Name                              Value     Ov Type        Size  Object(Section)

    BuildAttributes$$THM_ISAv4$P$D$K$B$S$PE$A:L22UL41UL21$X:L11$S22US41US21$IEEE1$IW$USESV6$~STKCKD$USESV7$~SHL$OSPACE$ROPI$EBA8$UX$STANDARDLIB$REQ8$PRES8$EABIv2 0x00000000   Number         0  anon$$obj.o ABSOLUTE
    __ARM_use_no_argv                        0x00000000   Number         0  main.o ABSOLUTE
    __ARM_exceptions_init                     - Undefined Weak Reference
    __alloca_initialize                       - Undefined Weak Reference
    __arm_preinit_                            - Undefined Weak Reference
    __cpp_initialize__aeabi_                  - Undefined Weak Reference
    __cxa_finalize                            - Undefined Weak Reference
    __rt_locale                               - Undefined Weak Reference
    __sigvec_lookup                           - Undefined Weak Reference
    _atexit_init                              - Undefined Weak Reference
    _call_atexit_fns                          - Undefined Weak Reference
    _clock_init                               - Undefined Weak Reference
    _fp_trap_init                             - Undefined Weak Reference
    _fp_trap_shutdown                         - Undefined Weak Reference
    _get_lc_collate                           - Undefined Weak Reference
    _get_lc_ctype                             - Undefined Weak Reference
    _get_lc_monetary                          - Undefined Weak Reference
    _get_lc_numeric                           - Undefined Weak Reference
    _get_lc_time                              - Undefined Weak Reference
    _getenv_init                              - Undefined Weak Reference
    _handle_redirection                       - Undefined Weak Reference
    _init_alloc                               - Undefined Weak Reference
    _init_user_alloc                          - Undefined Weak Reference
    _initio                                   - Undefined Weak Reference
    _rand_init                                - Undefined Weak Reference
    _signal_finish                            - Undefined Weak Reference
    _signal_init                              - Undefined Weak Reference
    _terminate_alloc                          - Undefined Weak Reference
    _terminate_user_alloc                     - Undefined Weak Reference
    _terminateio                              - Undefined Weak Reference
    __Vectors_Size                           0x000000ec   Number         0  startup_stm32f10x_md.o ABSOLUTE
    __Vectors                                0x08000000   Data           4  startup_stm32f10x_md.o(RESET)
    __Vectors_End                            0x080000ec   Data           0  startup_stm32f10x_md.o(RESET)
    __main                                   0x080000ed   Thumb Code     8  __main.o(!!!main)
    __scatterload                            0x080000f5   Thumb Code     0  __scatter.o(!!!scatter)
    __scatterload_rt2                        0x080000f5   Thumb Code    44  __scatter.o(!!!scatter)
    __scatterload_rt2_thumb_only             0x080000f5   Thumb Code     0  __scatter.o(!!!scatter)
    __scatterload_null                       0x08000103   Thumb Code     0  __scatter.o(!!!scatter)
    __scatterload_copy                       0x08000129   Thumb Code    26  __scatter_copy.o(!!handler_copy)
    __scatterload_zeroinit                   0x08000145   Thumb Code    28  __scatter_zi.o(!!handler_zi)
    __rt_lib_init                            0x08000161   Thumb Code     0  libinit.o(.ARM.Collect$$libinit$$00000000)
    __rt_lib_init_alloca_1                   0x08000163   Thumb Code     0  libinit2.o(.ARM.Collect$$libinit$$0000002E)
    __rt_lib_init_argv_1                     0x08000163   Thumb Code     0  libinit2.o(.ARM.Collect$$libinit$$0000002C)
    __rt_lib_init_atexit_1                   0x08000163   Thumb Code     0  libinit2.o(.ARM.Collect$$libinit$$0000001B)
    __rt_lib_init_clock_1                    0x08000163   Thumb Code     0  libinit2.o(.ARM.Collect$$libinit$$00000021)
    __rt_lib_init_cpp_1                      0x08000163   Thumb Code     0  libinit2.o(.ARM.Collect$$libinit$$00000032)
    __rt_lib_init_exceptions_1               0x08000163   Thumb Code     0  libinit2.o(.ARM.Collect$$libinit$$00000030)
    __rt_lib_init_fp_1                       0x08000163   Thumb Code     0  libinit2.o(.ARM.Collect$$libinit$$00000002)
    __rt_lib_init_fp_trap_1                  0x08000163   Thumb Code     0  libinit2.o(.ARM.Collect$$libinit$$0000001F)
    __rt_lib_init_getenv_1                   0x08000163   Thumb Code     0  libinit2.o(.ARM.Collect$$libinit$$00000023)
    __rt_lib_init_heap_1                     0x08000163   Thumb Code     0  libinit2.o(.ARM.Collect$$libinit$$0000000A)
    __rt_lib_init_lc_collate_1               0x08000163   Thumb Code     0  libinit2.o(.ARM.Collect$$libinit$$00000011)
    __rt_lib_init_lc_ctype_1                 0x08000163   Thumb Code     0  libinit2.o(.ARM.Collect$$libinit$$00000013)
    __rt_lib_init_lc_monetary_1              0x08000163   Thumb Code     0  libinit2.o(.ARM.Collect$$libinit$$00000015)
    __rt_lib_init_lc_numeric_1               0x08000163   Thumb Code     0  libinit2.o(.ARM.Collect$$libinit$$00000017)
    __rt_lib_init_lc_time_1                  0x08000163   Thumb Code     0  libinit2.o(.ARM.Collect$$libinit$$00000019)
    __rt_lib_init_preinit_1                  0x08000163   Thumb Code     0  libinit2.o(.ARM.Collect$$libinit$$00000004)
    __rt_lib_init_rand_1                     0x08000163   Thumb Code     0  libinit2.o(.ARM.Collect$$libinit$$0000000E)
    __rt_lib_init_return                     0x08000163   Thumb Code     0  libinit2.o(.ARM.Collect$$libinit$$00000033)
    __rt_lib_init_signal_1                   0x08000163   Thumb Code     0  libinit2.o(.ARM.Collect$$libinit$$0000001D)
    __rt_lib_init_stdio_1                    0x08000163   Thumb Code     0  libinit2.o(.ARM.Collect$$libinit$$00000025)
    __rt_lib_init_user_alloc_1               0x08000163   Thumb Code     0  libinit2.o(.ARM.Collect$$libinit$$0000000C)
    __rt_lib_shutdown                        0x08000165   Thumb Code     0  libshutdown.o(.ARM.Collect$$libshutdown$$00000000)
    __rt_lib_shutdown_fp_trap_1              0x08000167   Thumb Code     0  libshutdown2.o(.ARM.Collect$$libshutdown$$00000006)
    __rt_lib_shutdown_heap_1                 0x08000167   Thumb Code     0  libshutdown2.o(.ARM.Collect$$libshutdown$$0000000E)
    __rt_lib_shutdown_return                 0x08000167   Thumb Code     0  libshutdown2.o(.ARM.Collect$$libshutdown$$0000000F)
    __rt_lib_shutdown_signal_1               0x08000167   Thumb Code     0  libshutdown2.o(.ARM.Collect$$libshutdown$$00000009)
    __rt_lib_shutdown_stdio_1                0x08000167   Thumb Code     0  libshutdown2.o(.ARM.Collect$$libshutdown$$00000003)
    __rt_lib_shutdown_user_alloc_1           0x08000167   Thumb Code     0  libshutdown2.o(.ARM.Collect$$libshutdown$$0000000B)
    __rt_entry                               0x08000169   Thumb Code     0  __rtentry.o(.ARM.Collect$$rtentry$$00000000)
    __rt_entry_presh_1                       0x08000169   Thumb Code     0  __rtentry2.o(.ARM.Collect$$rtentry$$00000002)
    __rt_entry_sh                            0x08000169   Thumb Code     0  __rtentry4.o(.ARM.Collect$$rtentry$$00000004)
    __rt_entry_li                            0x0800016f   Thumb Code     0  __rtentry2.o(.ARM.Collect$$rtentry$$0000000A)
    __rt_entry_postsh_1                      0x0800016f   Thumb Code     0  __rtentry2.o(.ARM.Collect$$rtentry$$00000009)
    __rt_entry_main                          0x08000173   Thumb Code     0  __rtentry2.o(.ARM.Collect$$rtentry$$0000000D)
    __rt_entry_postli_1                      0x08000173   Thumb Code     0  __rtentry2.o(.ARM.Collect$$rtentry$$0000000C)
    __rt_exit                                0x0800017b   Thumb Code     0  rtexit.o(.ARM.Collect$$rtexit$$00000000)
    __rt_exit_ls                             0x0800017d   Thumb Code     0  rtexit2.o(.ARM.Collect$$rtexit$$00000003)
    __rt_exit_prels_1                        0x0800017d   Thumb Code     0  rtexit2.o(.ARM.Collect$$rtexit$$00000002)
    __rt_exit_exit                           0x08000181   Thumb Code     0  rtexit2.o(.ARM.Collect$$rtexit$$00000004)
    key_can                                  0x08000189   Thumb Code   186  main.o(.text)
    main                                     0x08000243   Thumb Code   246  main.o(.text)
    NMI_Handler                              0x08000365   Thumb Code     2  stm32f10x_it.o(.text)
    HardFault_Handler                        0x08000367   Thumb Code     4  stm32f10x_it.o(.text)
    MemManage_Handler                        0x0800036b   Thumb Code     4  stm32f10x_it.o(.text)
    BusFault_Handler                         0x0800036f   Thumb Code     4  stm32f10x_it.o(.text)
    UsageFault_Handler                       0x08000373   Thumb Code     4  stm32f10x_it.o(.text)
    SVC_Handler                              0x08000377   Thumb Code     2  stm32f10x_it.o(.text)
    DebugMon_Handler                         0x08000379   Thumb Code     2  stm32f10x_it.o(.text)
    PendSV_Handler                           0x0800037b   Thumb Code     2  stm32f10x_it.o(.text)
    DMA1_Channel4_IRQHandler                 0x0800037d   Thumb Code    30  stm32f10x_it.o(.text)
    SystemInit                               0x0800047f   Thumb Code    78  system_stm32f10x.o(.text)
    SystemCoreClockUpdate                    0x080004cd   Thumb Code   142  system_stm32f10x.o(.text)
    CalcCrc2                                 0x08000581   Thumb Code    58  modbus_slave_170m.o(.text)
    errorsend2                               0x080005bb   Thumb Code   132  modbus_slave_170m.o(.text)
    Recirve2_10                              0x0800063f   Thumb Code   156  modbus_slave_170m.o(.text)
    Recirve2_06                              0x080006db   Thumb Code   128  modbus_slave_170m.o(.text)
    Recirve2_05                              0x0800075b   Thumb Code   106  modbus_slave_170m.o(.text)
    Recirve2_04                              0x080007c5   Thumb Code   218  modbus_slave_170m.o(.text)
    Recirve2_03                              0x0800089f   Thumb Code   160  modbus_slave_170m.o(.text)
    Recirve2_02                              0x0800093f   Thumb Code   256  modbus_slave_170m.o(.text)
    Recirve2_01                              0x08000a3f   Thumb Code   224  modbus_slave_170m.o(.text)
    AnalyzeRecieve2                          0x08000b1f   Thumb Code   260  modbus_slave_170m.o(.text)
    send2_comm                               0x08000c23   Thumb Code    12  modbus_slave_170m.o(.text)
    Init_LEDpin                              0x08000c49   Thumb Code   186  led.o(.text)
    DMA_USART1_Configuration                 0x08000d15   Thumb Code   162  dma.o(.text)
    Uart1_Start_DMA_Tx                       0x08000db7   Thumb Code    26  dma.o(.text)
    DMA_ADC_Configuration                    0x08000dd1   Thumb Code    92  dma.o(.text)
    ADC1_Configuration                       0x08000e45   Thumb Code   212  adc.o(.text)
    filter                                   0x08000f19   Thumb Code    66  adc.o(.text)
    DMA1_Channel1_IRQHandler                 0x08000f5b   Thumb Code    22  adc.o(.text)
    CAN_Mode_Init                            0x08000f81   Thumb Code   260  can.o(.text)
    Can_Send_Msg                             0x08001085   Thumb Code   108  can.o(.text)
    USB_LP_CAN1_RX0_IRQHandler               0x080010f1   Thumb Code    98  can.o(.text)
    Can_Receive_Msg                          0x08001153   Thumb Code    56  can.o(.text)
    send                                     0x0800118b   Thumb Code   170  can.o(.text)
    ReadFlashNBtye                           0x0800125d   Thumb Code    28  flash.o(.text)
    WriteFlashOneWord                        0x08001279   Thumb Code    54  flash.o(.text)
    I2CStart                                 0x080012b9   Thumb Code    30  1650.o(.text)
    I2Cask                                   0x080012d7   Thumb Code    82  1650.o(.text)
    I2CStop                                  0x08001329   Thumb Code    32  1650.o(.text)
    I2CWrByte                                0x08001349   Thumb Code   122  1650.o(.text)
    Scan_Key                                 0x080013c3   Thumb Code   100  1650.o(.text)
    TM1650_Set                               0x08001427   Thumb Code    36  1650.o(.text)
    HC595SendData                            0x08001459   Thumb Code    84  74hc595.o(.text)
    IWDG_Init                                0x080014b9   Thumb Code    36  wdg.o(.text)
    IWDG_Feed                                0x080014dd   Thumb Code     8  wdg.o(.text)
    Reset_Handler                            0x080014e5   Thumb Code     8  startup_stm32f10x_md.o(.text)
    SysTick_Handler                          0x080014fd   Thumb Code     2  startup_stm32f10x_md.o(.text)
    ADC1_2_IRQHandler                        0x080014ff   Thumb Code     0  startup_stm32f10x_md.o(.text)
    CAN1_RX1_IRQHandler                      0x080014ff   Thumb Code     0  startup_stm32f10x_md.o(.text)
    CAN1_SCE_IRQHandler                      0x080014ff   Thumb Code     0  startup_stm32f10x_md.o(.text)
    DMA1_Channel2_IRQHandler                 0x080014ff   Thumb Code     0  startup_stm32f10x_md.o(.text)
    DMA1_Channel3_IRQHandler                 0x080014ff   Thumb Code     0  startup_stm32f10x_md.o(.text)
    DMA1_Channel5_IRQHandler                 0x080014ff   Thumb Code     0  startup_stm32f10x_md.o(.text)
    DMA1_Channel6_IRQHandler                 0x080014ff   Thumb Code     0  startup_stm32f10x_md.o(.text)
    DMA1_Channel7_IRQHandler                 0x080014ff   Thumb Code     0  startup_stm32f10x_md.o(.text)
    EXTI0_IRQHandler                         0x080014ff   Thumb Code     0  startup_stm32f10x_md.o(.text)
    EXTI15_10_IRQHandler                     0x080014ff   Thumb Code     0  startup_stm32f10x_md.o(.text)
    EXTI1_IRQHandler                         0x080014ff   Thumb Code     0  startup_stm32f10x_md.o(.text)
    EXTI2_IRQHandler                         0x080014ff   Thumb Code     0  startup_stm32f10x_md.o(.text)
    EXTI3_IRQHandler                         0x080014ff   Thumb Code     0  startup_stm32f10x_md.o(.text)
    EXTI4_IRQHandler                         0x080014ff   Thumb Code     0  startup_stm32f10x_md.o(.text)
    EXTI9_5_IRQHandler                       0x080014ff   Thumb Code     0  startup_stm32f10x_md.o(.text)
    FLASH_IRQHandler                         0x080014ff   Thumb Code     0  startup_stm32f10x_md.o(.text)
    I2C1_ER_IRQHandler                       0x080014ff   Thumb Code     0  startup_stm32f10x_md.o(.text)
    I2C1_EV_IRQHandler                       0x080014ff   Thumb Code     0  startup_stm32f10x_md.o(.text)
    I2C2_ER_IRQHandler                       0x080014ff   Thumb Code     0  startup_stm32f10x_md.o(.text)
    I2C2_EV_IRQHandler                       0x080014ff   Thumb Code     0  startup_stm32f10x_md.o(.text)
    PVD_IRQHandler                           0x080014ff   Thumb Code     0  startup_stm32f10x_md.o(.text)
    RCC_IRQHandler                           0x080014ff   Thumb Code     0  startup_stm32f10x_md.o(.text)
    RTCAlarm_IRQHandler                      0x080014ff   Thumb Code     0  startup_stm32f10x_md.o(.text)
    RTC_IRQHandler                           0x080014ff   Thumb Code     0  startup_stm32f10x_md.o(.text)
    SPI1_IRQHandler                          0x080014ff   Thumb Code     0  startup_stm32f10x_md.o(.text)
    SPI2_IRQHandler                          0x080014ff   Thumb Code     0  startup_stm32f10x_md.o(.text)
    TAMPER_IRQHandler                        0x080014ff   Thumb Code     0  startup_stm32f10x_md.o(.text)
    TIM1_BRK_IRQHandler                      0x080014ff   Thumb Code     0  startup_stm32f10x_md.o(.text)
    TIM1_CC_IRQHandler                       0x080014ff   Thumb Code     0  startup_stm32f10x_md.o(.text)
    TIM1_TRG_COM_IRQHandler                  0x080014ff   Thumb Code     0  startup_stm32f10x_md.o(.text)
    TIM1_UP_IRQHandler                       0x080014ff   Thumb Code     0  startup_stm32f10x_md.o(.text)
    TIM2_IRQHandler                          0x080014ff   Thumb Code     0  startup_stm32f10x_md.o(.text)
    TIM3_IRQHandler                          0x080014ff   Thumb Code     0  startup_stm32f10x_md.o(.text)
    TIM4_IRQHandler                          0x080014ff   Thumb Code     0  startup_stm32f10x_md.o(.text)
    USART2_IRQHandler                        0x080014ff   Thumb Code     0  startup_stm32f10x_md.o(.text)
    USART3_IRQHandler                        0x080014ff   Thumb Code     0  startup_stm32f10x_md.o(.text)
    USBWakeUp_IRQHandler                     0x080014ff   Thumb Code     0  startup_stm32f10x_md.o(.text)
    USB_HP_CAN1_TX_IRQHandler                0x080014ff   Thumb Code     0  startup_stm32f10x_md.o(.text)
    WWDG_IRQHandler                          0x080014ff   Thumb Code     0  startup_stm32f10x_md.o(.text)
    __user_initial_stackheap                 0x08001501   Thumb Code     0  startup_stm32f10x_md.o(.text)
    NVIC_PriorityGroupConfig                 0x08001525   Thumb Code    10  misc.o(.text)
    NVIC_Init                                0x0800152f   Thumb Code   100  misc.o(.text)
    NVIC_SetVectorTable                      0x08001593   Thumb Code    14  misc.o(.text)
    NVIC_SystemLPConfig                      0x080015a1   Thumb Code    34  misc.o(.text)
    SysTick_CLKSourceConfig                  0x080015c3   Thumb Code    40  misc.o(.text)
    GPIO_DeInit                              0x08001601   Thumb Code   172  stm32f10x_gpio.o(.text)
    GPIO_AFIODeInit                          0x080016ad   Thumb Code    20  stm32f10x_gpio.o(.text)
    GPIO_Init                                0x080016c1   Thumb Code   278  stm32f10x_gpio.o(.text)
    GPIO_StructInit                          0x080017d7   Thumb Code    16  stm32f10x_gpio.o(.text)
    GPIO_ReadInputDataBit                    0x080017e7   Thumb Code    18  stm32f10x_gpio.o(.text)
    GPIO_ReadInputData                       0x080017f9   Thumb Code     8  stm32f10x_gpio.o(.text)
    GPIO_ReadOutputDataBit                   0x08001801   Thumb Code    18  stm32f10x_gpio.o(.text)
    GPIO_ReadOutputData                      0x08001813   Thumb Code     8  stm32f10x_gpio.o(.text)
    GPIO_SetBits                             0x0800181b   Thumb Code     4  stm32f10x_gpio.o(.text)
    GPIO_ResetBits                           0x0800181f   Thumb Code     4  stm32f10x_gpio.o(.text)
    GPIO_WriteBit                            0x08001823   Thumb Code    10  stm32f10x_gpio.o(.text)
    GPIO_Write                               0x0800182d   Thumb Code     4  stm32f10x_gpio.o(.text)
    GPIO_PinLockConfig                       0x08001831   Thumb Code    18  stm32f10x_gpio.o(.text)
    GPIO_EventOutputConfig                   0x08001843   Thumb Code    26  stm32f10x_gpio.o(.text)
    GPIO_EventOutputCmd                      0x0800185d   Thumb Code     6  stm32f10x_gpio.o(.text)
    GPIO_PinRemapConfig                      0x08001863   Thumb Code   138  stm32f10x_gpio.o(.text)
    GPIO_EXTILineConfig                      0x080018ed   Thumb Code    66  stm32f10x_gpio.o(.text)
    GPIO_ETH_MediaInterfaceConfig            0x0800192f   Thumb Code     8  stm32f10x_gpio.o(.text)
    RCC_DeInit                               0x0800195d   Thumb Code    64  stm32f10x_rcc.o(.text)
    RCC_HSEConfig                            0x0800199d   Thumb Code    70  stm32f10x_rcc.o(.text)
    RCC_GetFlagStatus                        0x080019e3   Thumb Code    56  stm32f10x_rcc.o(.text)
    RCC_WaitForHSEStartUp                    0x08001a1b   Thumb Code    56  stm32f10x_rcc.o(.text)
    RCC_AdjustHSICalibrationValue            0x08001a53   Thumb Code    20  stm32f10x_rcc.o(.text)
    RCC_HSICmd                               0x08001a67   Thumb Code     6  stm32f10x_rcc.o(.text)
    RCC_PLLConfig                            0x08001a6d   Thumb Code    24  stm32f10x_rcc.o(.text)
    RCC_PLLCmd                               0x08001a85   Thumb Code     6  stm32f10x_rcc.o(.text)
    RCC_SYSCLKConfig                         0x08001a8b   Thumb Code    18  stm32f10x_rcc.o(.text)
    RCC_GetSYSCLKSource                      0x08001a9d   Thumb Code    10  stm32f10x_rcc.o(.text)
    RCC_HCLKConfig                           0x08001aa7   Thumb Code    18  stm32f10x_rcc.o(.text)
    RCC_PCLK1Config                          0x08001ab9   Thumb Code    18  stm32f10x_rcc.o(.text)
    RCC_PCLK2Config                          0x08001acb   Thumb Code    20  stm32f10x_rcc.o(.text)
    RCC_ITConfig                             0x08001adf   Thumb Code    26  stm32f10x_rcc.o(.text)
    RCC_USBCLKConfig                         0x08001af9   Thumb Code     8  stm32f10x_rcc.o(.text)
    RCC_ADCCLKConfig                         0x08001b01   Thumb Code    18  stm32f10x_rcc.o(.text)
    RCC_LSEConfig                            0x08001b13   Thumb Code    50  stm32f10x_rcc.o(.text)
    RCC_LSICmd                               0x08001b45   Thumb Code     6  stm32f10x_rcc.o(.text)
    RCC_RTCCLKConfig                         0x08001b4b   Thumb Code    12  stm32f10x_rcc.o(.text)
    RCC_RTCCLKCmd                            0x08001b57   Thumb Code     8  stm32f10x_rcc.o(.text)
    RCC_GetClocksFreq                        0x08001b5f   Thumb Code   192  stm32f10x_rcc.o(.text)
    RCC_AHBPeriphClockCmd                    0x08001c1f   Thumb Code    26  stm32f10x_rcc.o(.text)
    RCC_APB2PeriphClockCmd                   0x08001c39   Thumb Code    26  stm32f10x_rcc.o(.text)
    RCC_APB1PeriphClockCmd                   0x08001c53   Thumb Code    26  stm32f10x_rcc.o(.text)
    RCC_APB2PeriphResetCmd                   0x08001c6d   Thumb Code    26  stm32f10x_rcc.o(.text)
    RCC_APB1PeriphResetCmd                   0x08001c87   Thumb Code    26  stm32f10x_rcc.o(.text)
    RCC_BackupResetCmd                       0x08001ca1   Thumb Code     8  stm32f10x_rcc.o(.text)
    RCC_ClockSecuritySystemCmd               0x08001ca9   Thumb Code     6  stm32f10x_rcc.o(.text)
    RCC_MCOConfig                            0x08001caf   Thumb Code     6  stm32f10x_rcc.o(.text)
    RCC_ClearFlag                            0x08001cb5   Thumb Code    14  stm32f10x_rcc.o(.text)
    RCC_GetITStatus                          0x08001cc3   Thumb Code    20  stm32f10x_rcc.o(.text)
    RCC_ClearITPendingBit                    0x08001cd7   Thumb Code     6  stm32f10x_rcc.o(.text)
    USART_DeInit                             0x08001d01   Thumb Code   134  stm32f10x_usart.o(.text)
    USART_Init                               0x08001d87   Thumb Code   210  stm32f10x_usart.o(.text)
    USART_StructInit                         0x08001e59   Thumb Code    24  stm32f10x_usart.o(.text)
    USART_ClockInit                          0x08001e71   Thumb Code    34  stm32f10x_usart.o(.text)
    USART_ClockStructInit                    0x08001e93   Thumb Code    12  stm32f10x_usart.o(.text)
    USART_Cmd                                0x08001e9f   Thumb Code    24  stm32f10x_usart.o(.text)
    USART_ITConfig                           0x08001eb7   Thumb Code    74  stm32f10x_usart.o(.text)
    USART_DMACmd                             0x08001f01   Thumb Code    18  stm32f10x_usart.o(.text)
    USART_SetAddress                         0x08001f13   Thumb Code    18  stm32f10x_usart.o(.text)
    USART_WakeUpConfig                       0x08001f25   Thumb Code    18  stm32f10x_usart.o(.text)
    USART_ReceiverWakeUpCmd                  0x08001f37   Thumb Code    24  stm32f10x_usart.o(.text)
    USART_LINBreakDetectLengthConfig         0x08001f4f   Thumb Code    18  stm32f10x_usart.o(.text)
    USART_LINCmd                             0x08001f61   Thumb Code    24  stm32f10x_usart.o(.text)
    USART_SendData                           0x08001f79   Thumb Code     8  stm32f10x_usart.o(.text)
    USART_ReceiveData                        0x08001f81   Thumb Code    10  stm32f10x_usart.o(.text)
    USART_SendBreak                          0x08001f8b   Thumb Code    10  stm32f10x_usart.o(.text)
    USART_SetGuardTime                       0x08001f95   Thumb Code    16  stm32f10x_usart.o(.text)
    USART_SetPrescaler                       0x08001fa5   Thumb Code    16  stm32f10x_usart.o(.text)
    USART_SmartCardCmd                       0x08001fb5   Thumb Code    24  stm32f10x_usart.o(.text)
    USART_SmartCardNACKCmd                   0x08001fcd   Thumb Code    24  stm32f10x_usart.o(.text)
    USART_HalfDuplexCmd                      0x08001fe5   Thumb Code    24  stm32f10x_usart.o(.text)
    USART_OverSampling8Cmd                   0x08001ffd   Thumb Code    22  stm32f10x_usart.o(.text)
    USART_OneBitMethodCmd                    0x08002013   Thumb Code    24  stm32f10x_usart.o(.text)
    USART_IrDAConfig                         0x0800202b   Thumb Code    18  stm32f10x_usart.o(.text)
    USART_IrDACmd                            0x0800203d   Thumb Code    24  stm32f10x_usart.o(.text)
    USART_GetFlagStatus                      0x08002055   Thumb Code    26  stm32f10x_usart.o(.text)
    USART_ClearFlag                          0x0800206f   Thumb Code    18  stm32f10x_usart.o(.text)
    USART_GetITStatus                        0x08002081   Thumb Code    84  stm32f10x_usart.o(.text)
    USART_ClearITPendingBit                  0x080020d5   Thumb Code    52  stm32f10x_usart.o(.text)
    DMA_DeInit                               0x08002109   Thumb Code   324  stm32f10x_dma.o(.text)
    DMA_Init                                 0x0800224d   Thumb Code    60  stm32f10x_dma.o(.text)
    DMA_StructInit                           0x08002289   Thumb Code    26  stm32f10x_dma.o(.text)
    DMA_Cmd                                  0x080022a3   Thumb Code    24  stm32f10x_dma.o(.text)
    DMA_ITConfig                             0x080022bb   Thumb Code    18  stm32f10x_dma.o(.text)
    DMA_SetCurrDataCounter                   0x080022cd   Thumb Code     4  stm32f10x_dma.o(.text)
    DMA_GetCurrDataCounter                   0x080022d1   Thumb Code     8  stm32f10x_dma.o(.text)
    DMA_GetFlagStatus                        0x080022d9   Thumb Code    40  stm32f10x_dma.o(.text)
    DMA_ClearFlag                            0x08002301   Thumb Code    22  stm32f10x_dma.o(.text)
    DMA_GetITStatus                          0x08002317   Thumb Code    40  stm32f10x_dma.o(.text)
    DMA_ClearITPendingBit                    0x0800233f   Thumb Code    22  stm32f10x_dma.o(.text)
    ADC_DeInit                               0x0800235d   Thumb Code    78  stm32f10x_adc.o(.text)
    ADC_Init                                 0x080023ab   Thumb Code    70  stm32f10x_adc.o(.text)
    ADC_StructInit                           0x080023f1   Thumb Code    18  stm32f10x_adc.o(.text)
    ADC_Cmd                                  0x08002403   Thumb Code    22  stm32f10x_adc.o(.text)
    ADC_DMACmd                               0x08002419   Thumb Code    22  stm32f10x_adc.o(.text)
    ADC_ITConfig                             0x0800242f   Thumb Code    24  stm32f10x_adc.o(.text)
    ADC_ResetCalibration                     0x08002447   Thumb Code    10  stm32f10x_adc.o(.text)
    ADC_GetResetCalibrationStatus            0x08002451   Thumb Code    20  stm32f10x_adc.o(.text)
    ADC_StartCalibration                     0x08002465   Thumb Code    10  stm32f10x_adc.o(.text)
    ADC_GetCalibrationStatus                 0x0800246f   Thumb Code    20  stm32f10x_adc.o(.text)
    ADC_SoftwareStartConvCmd                 0x08002483   Thumb Code    22  stm32f10x_adc.o(.text)
    ADC_GetSoftwareStartConvStatus           0x08002499   Thumb Code    20  stm32f10x_adc.o(.text)
    ADC_DiscModeChannelCountConfig           0x080024ad   Thumb Code    24  stm32f10x_adc.o(.text)
    ADC_DiscModeCmd                          0x080024c5   Thumb Code    22  stm32f10x_adc.o(.text)
    ADC_RegularChannelConfig                 0x080024db   Thumb Code   184  stm32f10x_adc.o(.text)
    ADC_ExternalTrigConvCmd                  0x08002593   Thumb Code    22  stm32f10x_adc.o(.text)
    ADC_GetConversionValue                   0x080025a9   Thumb Code     8  stm32f10x_adc.o(.text)
    ADC_GetDualModeConversionValue           0x080025b1   Thumb Code     8  stm32f10x_adc.o(.text)
    ADC_AutoInjectedConvCmd                  0x080025b9   Thumb Code    22  stm32f10x_adc.o(.text)
    ADC_InjectedDiscModeCmd                  0x080025cf   Thumb Code    22  stm32f10x_adc.o(.text)
    ADC_ExternalTrigInjectedConvConfig       0x080025e5   Thumb Code    16  stm32f10x_adc.o(.text)
    ADC_ExternalTrigInjectedConvCmd          0x080025f5   Thumb Code    22  stm32f10x_adc.o(.text)
    ADC_SoftwareStartInjectedConvCmd         0x0800260b   Thumb Code    22  stm32f10x_adc.o(.text)
    ADC_GetSoftwareStartInjectedConvCmdStatus 0x08002621   Thumb Code    20  stm32f10x_adc.o(.text)
    ADC_InjectedChannelConfig                0x08002635   Thumb Code   130  stm32f10x_adc.o(.text)
    ADC_InjectedSequencerLengthConfig        0x080026b7   Thumb Code    24  stm32f10x_adc.o(.text)
    ADC_SetInjectedOffset                    0x080026cf   Thumb Code    20  stm32f10x_adc.o(.text)
    ADC_GetInjectedConversionValue           0x080026e3   Thumb Code    28  stm32f10x_adc.o(.text)
    ADC_AnalogWatchdogCmd                    0x080026ff   Thumb Code    16  stm32f10x_adc.o(.text)
    ADC_AnalogWatchdogThresholdsConfig       0x0800270f   Thumb Code     6  stm32f10x_adc.o(.text)
    ADC_AnalogWatchdogSingleChannelConfig    0x08002715   Thumb Code    16  stm32f10x_adc.o(.text)
    ADC_TempSensorVrefintCmd                 0x08002725   Thumb Code    64  stm32f10x_adc.o(.text)
    ADC_GetFlagStatus                        0x08002765   Thumb Code    18  stm32f10x_adc.o(.text)
    ADC_ClearFlag                            0x08002777   Thumb Code     6  stm32f10x_adc.o(.text)
    ADC_GetITStatus                          0x0800277d   Thumb Code    36  stm32f10x_adc.o(.text)
    ADC_ClearITPendingBit                    0x080027a1   Thumb Code    10  stm32f10x_adc.o(.text)
    CAN_DeInit                               0x080027ad   Thumb Code    50  stm32f10x_can.o(.text)
    CAN_Init                                 0x080027df   Thumb Code   276  stm32f10x_can.o(.text)
    CAN_FilterInit                           0x080028f3   Thumb Code   258  stm32f10x_can.o(.text)
    CAN_StructInit                           0x080029f5   Thumb Code    32  stm32f10x_can.o(.text)
    CAN_SlaveStartBank                       0x08002a15   Thumb Code    48  stm32f10x_can.o(.text)
    CAN_DBGFreeze                            0x08002a45   Thumb Code    22  stm32f10x_can.o(.text)
    CAN_TTComModeCmd                         0x08002a5b   Thumb Code   118  stm32f10x_can.o(.text)
    CAN_Transmit                             0x08002ad1   Thumb Code   304  stm32f10x_can.o(.text)
    CAN_TransmitStatus                       0x08002c01   Thumb Code   138  stm32f10x_can.o(.text)
    CAN_CancelTransmit                       0x08002c8b   Thumb Code    48  stm32f10x_can.o(.text)
    CAN_Receive                              0x08002cbb   Thumb Code   240  stm32f10x_can.o(.text)
    CAN_FIFORelease                          0x08002dab   Thumb Code    22  stm32f10x_can.o(.text)
    CAN_MessagePending                       0x08002dc1   Thumb Code    30  stm32f10x_can.o(.text)
    CAN_OperatingModeRequest                 0x08002ddf   Thumb Code   162  stm32f10x_can.o(.text)
    CAN_Sleep                                0x08002e81   Thumb Code    30  stm32f10x_can.o(.text)
    CAN_WakeUp                               0x08002e9f   Thumb Code    48  stm32f10x_can.o(.text)
    CAN_GetLastErrorCode                     0x08002ecf   Thumb Code    12  stm32f10x_can.o(.text)
    CAN_GetReceiveErrorCounter               0x08002edb   Thumb Code    10  stm32f10x_can.o(.text)
    CAN_GetLSBTransmitErrorCounter           0x08002ee5   Thumb Code    12  stm32f10x_can.o(.text)
    CAN_ITConfig                             0x08002ef1   Thumb Code    18  stm32f10x_can.o(.text)
    CAN_GetFlagStatus                        0x08002f03   Thumb Code   120  stm32f10x_can.o(.text)
    CAN_ClearFlag                            0x08002f7b   Thumb Code    52  stm32f10x_can.o(.text)
    CAN_GetITStatus                          0x08002fc1   Thumb Code   310  stm32f10x_can.o(.text)
    CAN_ClearITPendingBit                    0x080030f7   Thumb Code   162  stm32f10x_can.o(.text)
    FLASH_SetLatency                         0x0800319d   Thumb Code    18  stm32f10x_flash.o(.text)
    FLASH_HalfCycleAccessCmd                 0x080031af   Thumb Code    22  stm32f10x_flash.o(.text)
    FLASH_PrefetchBufferCmd                  0x080031c5   Thumb Code    22  stm32f10x_flash.o(.text)
    FLASH_Unlock                             0x080031db   Thumb Code    12  stm32f10x_flash.o(.text)
    FLASH_UnlockBank1                        0x080031e7   Thumb Code    12  stm32f10x_flash.o(.text)
    FLASH_Lock                               0x080031f3   Thumb Code    14  stm32f10x_flash.o(.text)
    FLASH_LockBank1                          0x08003201   Thumb Code    14  stm32f10x_flash.o(.text)
    FLASH_GetBank1Status                     0x0800320f   Thumb Code    48  stm32f10x_flash.o(.text)
    FLASH_WaitForLastOperation               0x0800323f   Thumb Code    38  stm32f10x_flash.o(.text)
    FLASH_ErasePage                          0x08003265   Thumb Code    72  stm32f10x_flash.o(.text)
    FLASH_EraseAllPages                      0x080032ad   Thumb Code    68  stm32f10x_flash.o(.text)
    FLASH_WaitForLastBank1Operation          0x080032f1   Thumb Code    38  stm32f10x_flash.o(.text)
    FLASH_EraseAllBank1Pages                 0x08003317   Thumb Code    68  stm32f10x_flash.o(.text)
    FLASH_GetReadOutProtectionStatus         0x0800335b   Thumb Code    20  stm32f10x_flash.o(.text)
    FLASH_EraseOptionBytes                   0x0800336f   Thumb Code   150  stm32f10x_flash.o(.text)
    FLASH_ProgramWord                        0x08003405   Thumb Code   102  stm32f10x_flash.o(.text)
    FLASH_ProgramHalfWord                    0x0800346b   Thumb Code    60  stm32f10x_flash.o(.text)
    FLASH_ProgramOptionByteData              0x080034a7   Thumb Code    72  stm32f10x_flash.o(.text)
    FLASH_EnableWriteProtection              0x080034ef   Thumb Code   200  stm32f10x_flash.o(.text)
    FLASH_ReadOutProtection                  0x080035b7   Thumb Code   156  stm32f10x_flash.o(.text)
    FLASH_UserOptionByteConfig               0x08003653   Thumb Code    88  stm32f10x_flash.o(.text)
    FLASH_GetUserOptionByte                  0x080036ab   Thumb Code     8  stm32f10x_flash.o(.text)
    FLASH_GetWriteProtectionOptionByte       0x080036b3   Thumb Code     6  stm32f10x_flash.o(.text)
    FLASH_GetPrefetchBufferStatus            0x080036b9   Thumb Code    20  stm32f10x_flash.o(.text)
    FLASH_ITConfig                           0x080036cd   Thumb Code    26  stm32f10x_flash.o(.text)
    FLASH_GetFlagStatus                      0x080036e7   Thumb Code    42  stm32f10x_flash.o(.text)
    FLASH_ClearFlag                          0x08003711   Thumb Code     6  stm32f10x_flash.o(.text)
    FLASH_GetStatus                          0x08003717   Thumb Code    48  stm32f10x_flash.o(.text)
    IWDG_WriteAccessCmd                      0x08003759   Thumb Code     6  stm32f10x_iwdg.o(.text)
    IWDG_SetPrescaler                        0x0800375f   Thumb Code     6  stm32f10x_iwdg.o(.text)
    IWDG_SetReload                           0x08003765   Thumb Code     6  stm32f10x_iwdg.o(.text)
    IWDG_ReloadCounter                       0x0800376b   Thumb Code    10  stm32f10x_iwdg.o(.text)
    IWDG_Enable                              0x08003775   Thumb Code    10  stm32f10x_iwdg.o(.text)
    IWDG_GetFlagStatus                       0x0800377f   Thumb Code    20  stm32f10x_iwdg.o(.text)
    delay_init                               0x08003799   Thumb Code    50  delay.o(.text)
    delay_us                                 0x080037cb   Thumb Code    72  delay.o(.text)
    delay_ms                                 0x08003813   Thumb Code    72  delay.o(.text)
    NVIC_Configuration                       0x0800386d   Thumb Code    98  sys.o(.text)
    _sys_exit                                0x080038d1   Thumb Code     6  usart.o(.text)
    fputc                                    0x080038d7   Thumb Code    24  usart.o(.text)
    uart_init                                0x080038ef   Thumb Code   168  usart.o(.text)
    USART1_IRQHandler                        0x08003997   Thumb Code   108  usart.o(.text)
    __use_no_semihosting                     0x08003a19   Thumb Code     2  use_no_semi_2.o(.text)
    __use_two_region_memory                  0x08003a1b   Thumb Code     2  heapauxi.o(.text)
    __rt_heap_escrow$2region                 0x08003a1d   Thumb Code     2  heapauxi.o(.text)
    __rt_heap_expand$2region                 0x08003a1f   Thumb Code     2  heapauxi.o(.text)
    __I$use$semihosting                      0x08003a21   Thumb Code     0  use_no_semi.o(.text)
    __use_no_semihosting_swi                 0x08003a21   Thumb Code     2  use_no_semi.o(.text)
    __user_setup_stackheap                   0x08003a23   Thumb Code    74  sys_stackheap_outer.o(.text)
    exit                                     0x08003a6d   Thumb Code    12  exit.o(.text)
    __user_libspace                          0x08003a79   Thumb Code     8  libspace.o(.text)
    __user_perproc_libspace                  0x08003a79   Thumb Code     0  libspace.o(.text)
    __user_perthread_libspace                0x08003a79   Thumb Code     0  libspace.o(.text)
    __aeabi_i2f                              0x08003a81   Thumb Code     0  fflt_clz.o(x$fpl$fflt)
    _fflt                                    0x08003a81   Thumb Code    48  fflt_clz.o(x$fpl$fflt)
    Region$$Table$$Base                      0x08003ab0   Number         0  anon$$obj.o(Region$$Table)
    __I$use$fp                               0x08003ab0   Number         0  usenofp.o(x$fpl$usenofp)
    Region$$Table$$Limit                     0x08003ad0   Number         0  anon$$obj.o(Region$$Table)
    liangdu                                  0x20000000   Data           8  main.o(.data)
    shuma                                    0x20000008   Data          16  main.o(.data)
    display                                  0x20000018   Data          16  main.o(.data)
    ReadNum                                  0x20000028   Data           4  main.o(.data)
    key                                      0x2000002c   Data           1  main.o(.data)
    j                                        0x2000002d   Data           1  main.o(.data)
    k                                        0x2000002e   Data           1  main.o(.data)
    key_last                                 0x2000002f   Data           1  main.o(.data)
    SystemCoreClock                          0x20000030   Data           4  system_stm32f10x.o(.data)
    AHBPrescTable                            0x20000034   Data          16  system_stm32f10x.o(.data)
    PLC2_Data                                0x20000044   Data         128  modbus_slave_170m.o(.data)
    sendlength2                              0x200000c4   Data           2  modbus_slave_170m.o(.data)
    rece3_index                              0x200000c6   Data           1  dma.o(.data)
    num                                      0x200000c8   Data           2  can.o(.data)
    shumaguan_num                            0x200000ca   Data           1  can.o(.data)
    canref                                   0x200000cb   Data           2  can.o(.data)
    cansend                                  0x200000cd   Data           3  can.o(.data)
    FLASHStatus                              0x200000d0   Data           1  flash.o(.data)
    Temp_Data                                0x200000ec   Data          40  main.o(.bss)
    PLC2_InPut                               0x20000114   Data          64  modbus_slave_170m.o(.bss)
    PLC2_OutPut                              0x20000154   Data          64  modbus_slave_170m.o(.bss)
    rece3_buf                                0x20000194   Data         128  dma.o(.bss)
    send3_buf                                0x20000214   Data         128  dma.o(.bss)
    AD_Value                                 0x20000294   Data         240  dma.o(.bss)
    After_filter                             0x20000384   Data          16  adc.o(.bss)
    RxMessage                                0x20000394   Data          20  can.o(.bss)
    __libspace_start                         0x200003a8   Data          96  libspace.o(.bss)
    __temporary_stack_top$libspace           0x20000408   Data           0  libspace.o(.bss)



==============================================================================

Memory Map of the image

  Image Entry point : 0x080000ed

  Load Region LR_IROM1 (Base: 0x08000000, Size: 0x00003bbc, Max: 0x00010000, ABSOLUTE)

    Execution Region ER_IROM1 (Base: 0x08000000, Size: 0x00003ad0, Max: 0x00010000, ABSOLUTE)

    Base Addr    Size         Type   Attr      Idx    E Section Name        Object

    0x08000000   0x000000ec   Data   RO          368    RESET               startup_stm32f10x_md.o
    0x080000ec   0x00000008   Code   RO          543  * !!!main             c_w.l(__main.o)
    0x080000f4   0x00000034   Code   RO          704    !!!scatter          c_w.l(__scatter.o)
    0x08000128   0x0000001a   Code   RO          706    !!handler_copy      c_w.l(__scatter_copy.o)
    0x08000142   0x00000002   PAD
    0x08000144   0x0000001c   Code   RO          708    !!handler_zi        c_w.l(__scatter_zi.o)
    0x08000160   0x00000002   Code   RO          579    .ARM.Collect$$libinit$$00000000  c_w.l(libinit.o)
    0x08000162   0x00000000   Code   RO          586    .ARM.Collect$$libinit$$00000002  c_w.l(libinit2.o)
    0x08000162   0x00000000   Code   RO          588    .ARM.Collect$$libinit$$00000004  c_w.l(libinit2.o)
    0x08000162   0x00000000   Code   RO          591    .ARM.Collect$$libinit$$0000000A  c_w.l(libinit2.o)
    0x08000162   0x00000000   Code   RO          593    .ARM.Collect$$libinit$$0000000C  c_w.l(libinit2.o)
    0x08000162   0x00000000   Code   RO          595    .ARM.Collect$$libinit$$0000000E  c_w.l(libinit2.o)
    0x08000162   0x00000000   Code   RO          598    .ARM.Collect$$libinit$$00000011  c_w.l(libinit2.o)
    0x08000162   0x00000000   Code   RO          600    .ARM.Collect$$libinit$$00000013  c_w.l(libinit2.o)
    0x08000162   0x00000000   Code   RO          602    .ARM.Collect$$libinit$$00000015  c_w.l(libinit2.o)
    0x08000162   0x00000000   Code   RO          604    .ARM.Collect$$libinit$$00000017  c_w.l(libinit2.o)
    0x08000162   0x00000000   Code   RO          606    .ARM.Collect$$libinit$$00000019  c_w.l(libinit2.o)
    0x08000162   0x00000000   Code   RO          608    .ARM.Collect$$libinit$$0000001B  c_w.l(libinit2.o)
    0x08000162   0x00000000   Code   RO          610    .ARM.Collect$$libinit$$0000001D  c_w.l(libinit2.o)
    0x08000162   0x00000000   Code   RO          612    .ARM.Collect$$libinit$$0000001F  c_w.l(libinit2.o)
    0x08000162   0x00000000   Code   RO          614    .ARM.Collect$$libinit$$00000021  c_w.l(libinit2.o)
    0x08000162   0x00000000   Code   RO          616    .ARM.Collect$$libinit$$00000023  c_w.l(libinit2.o)
    0x08000162   0x00000000   Code   RO          618    .ARM.Collect$$libinit$$00000025  c_w.l(libinit2.o)
    0x08000162   0x00000000   Code   RO          622    .ARM.Collect$$libinit$$0000002C  c_w.l(libinit2.o)
    0x08000162   0x00000000   Code   RO          624    .ARM.Collect$$libinit$$0000002E  c_w.l(libinit2.o)
    0x08000162   0x00000000   Code   RO          626    .ARM.Collect$$libinit$$00000030  c_w.l(libinit2.o)
    0x08000162   0x00000000   Code   RO          628    .ARM.Collect$$libinit$$00000032  c_w.l(libinit2.o)
    0x08000162   0x00000002   Code   RO          629    .ARM.Collect$$libinit$$00000033  c_w.l(libinit2.o)
    0x08000164   0x00000002   Code   RO          647    .ARM.Collect$$libshutdown$$00000000  c_w.l(libshutdown.o)
    0x08000166   0x00000000   Code   RO          658    .ARM.Collect$$libshutdown$$00000003  c_w.l(libshutdown2.o)
    0x08000166   0x00000000   Code   RO          661    .ARM.Collect$$libshutdown$$00000006  c_w.l(libshutdown2.o)
    0x08000166   0x00000000   Code   RO          664    .ARM.Collect$$libshutdown$$00000009  c_w.l(libshutdown2.o)
    0x08000166   0x00000000   Code   RO          666    .ARM.Collect$$libshutdown$$0000000B  c_w.l(libshutdown2.o)
    0x08000166   0x00000000   Code   RO          669    .ARM.Collect$$libshutdown$$0000000E  c_w.l(libshutdown2.o)
    0x08000166   0x00000002   Code   RO          670    .ARM.Collect$$libshutdown$$0000000F  c_w.l(libshutdown2.o)
    0x08000168   0x00000000   Code   RO          553    .ARM.Collect$$rtentry$$00000000  c_w.l(__rtentry.o)
    0x08000168   0x00000000   Code   RO          556    .ARM.Collect$$rtentry$$00000002  c_w.l(__rtentry2.o)
    0x08000168   0x00000006   Code   RO          568    .ARM.Collect$$rtentry$$00000004  c_w.l(__rtentry4.o)
    0x0800016e   0x00000000   Code   RO          558    .ARM.Collect$$rtentry$$00000009  c_w.l(__rtentry2.o)
    0x0800016e   0x00000004   Code   RO          559    .ARM.Collect$$rtentry$$0000000A  c_w.l(__rtentry2.o)
    0x08000172   0x00000000   Code   RO          561    .ARM.Collect$$rtentry$$0000000C  c_w.l(__rtentry2.o)
    0x08000172   0x00000008   Code   RO          562    .ARM.Collect$$rtentry$$0000000D  c_w.l(__rtentry2.o)
    0x0800017a   0x00000002   Code   RO          583    .ARM.Collect$$rtexit$$00000000  c_w.l(rtexit.o)
    0x0800017c   0x00000000   Code   RO          631    .ARM.Collect$$rtexit$$00000002  c_w.l(rtexit2.o)
    0x0800017c   0x00000004   Code   RO          632    .ARM.Collect$$rtexit$$00000003  c_w.l(rtexit2.o)
    0x08000180   0x00000006   Code   RO          633    .ARM.Collect$$rtexit$$00000004  c_w.l(rtexit2.o)
    0x08000186   0x00000002   PAD
    0x08000188   0x000001dc   Code   RO            1    .text               main.o
    0x08000364   0x0000003c   Code   RO          150    .text               stm32f10x_it.o
    0x080003a0   0x000001e0   Code   RO          165    .text               system_stm32f10x.o
    0x08000580   0x000006c8   Code   RO          183    .text               modbus_slave_170m.o
    0x08000c48   0x000000cc   Code   RO          232    .text               led.o
    0x08000d14   0x00000130   Code   RO          244    .text               dma.o
    0x08000e44   0x0000013c   Code   RO          263    .text               adc.o
    0x08000f80   0x000002dc   Code   RO          281    .text               can.o
    0x0800125c   0x0000005c   Code   RO          304    .text               flash.o
    0x080012b8   0x000001a0   Code   RO          319    .text               1650.o
    0x08001458   0x00000060   Code   RO          331    .text               74hc595.o
    0x080014b8   0x0000002c   Code   RO          343    .text               wdg.o
    0x080014e4   0x00000040   Code   RO          369    .text               startup_stm32f10x_md.o
    0x08001524   0x000000dc   Code   RO          373    .text               misc.o
    0x08001600   0x0000035c   Code   RO          385    .text               stm32f10x_gpio.o
    0x0800195c   0x000003a4   Code   RO          397    .text               stm32f10x_rcc.o
    0x08001d00   0x00000408   Code   RO          411    .text               stm32f10x_usart.o
    0x08002108   0x00000254   Code   RO          423    .text               stm32f10x_dma.o
    0x0800235c   0x0000044e   Code   RO          435    .text               stm32f10x_adc.o
    0x080027aa   0x00000002   PAD
    0x080027ac   0x000009f0   Code   RO          447    .text               stm32f10x_can.o
    0x0800319c   0x000005bc   Code   RO          459    .text               stm32f10x_flash.o
    0x08003758   0x00000040   Code   RO          471    .text               stm32f10x_iwdg.o
    0x08003798   0x000000d4   Code   RO          483    .text               delay.o
    0x0800386c   0x00000062   Code   RO          497    .text               sys.o
    0x080038ce   0x00000002   PAD
    0x080038d0   0x00000148   Code   RO          509    .text               usart.o
    0x08003a18   0x00000002   Code   RO          539    .text               c_w.l(use_no_semi_2.o)
    0x08003a1a   0x00000006   Code   RO          541    .text               c_w.l(heapauxi.o)
    0x08003a20   0x00000002   Code   RO          551    .text               c_w.l(use_no_semi.o)
    0x08003a22   0x0000004a   Code   RO          570    .text               c_w.l(sys_stackheap_outer.o)
    0x08003a6c   0x0000000c   Code   RO          572    .text               c_w.l(exit.o)
    0x08003a78   0x00000008   Code   RO          580    .text               c_w.l(libspace.o)
    0x08003a80   0x00000030   Code   RO          546    x$fpl$fflt          fz_ws.l(fflt_clz.o)
    0x08003ab0   0x00000000   Code   RO          554    x$fpl$usenofp       fz_ws.l(usenofp.o)
    0x08003ab0   0x00000020   Data   RO          702    Region$$Table       anon$$obj.o


    Execution Region RW_IRAM1 (Base: 0x20000000, Size: 0x00000a08, Max: 0x00005000, ABSOLUTE)

    Base Addr    Size         Type   Attr      Idx    E Section Name        Object

    0x20000000   0x00000030   Data   RW            3    .data               main.o
    0x20000030   0x00000014   Data   RW          166    .data               system_stm32f10x.o
    0x20000044   0x00000082   Data   RW          185    .data               modbus_slave_170m.o
    0x200000c6   0x00000001   Data   RW          246    .data               dma.o
    0x200000c7   0x00000001   PAD
    0x200000c8   0x00000008   Data   RW          283    .data               can.o
    0x200000d0   0x00000001   Data   RW          305    .data               flash.o
    0x200000d1   0x00000014   Data   RW          398    .data               stm32f10x_rcc.o
    0x200000e5   0x00000001   PAD
    0x200000e6   0x00000004   Data   RW          484    .data               delay.o
    0x200000ea   0x00000002   PAD
    0x200000ec   0x00000028   Zero   RW            2    .bss                main.o
    0x20000114   0x00000080   Zero   RW          184    .bss                modbus_slave_170m.o
    0x20000194   0x000001f0   Zero   RW          245    .bss                dma.o
    0x20000384   0x00000010   Zero   RW          264    .bss                adc.o
    0x20000394   0x00000014   Zero   RW          282    .bss                can.o
    0x200003a8   0x00000060   Zero   RW          581    .bss                c_w.l(libspace.o)
    0x20000408   0x00000200   Zero   RW          367    HEAP                startup_stm32f10x_md.o
    0x20000608   0x00000400   Zero   RW          366    STACK               startup_stm32f10x_md.o


==============================================================================

Image component sizes


      Code (inc. data)   RO Data    RW Data    ZI Data      Debug   Object Name

       416         14          0          0          0       1532   1650.o
        96         12          0          0          0        560   74hc595.o
       316         16          0          0         16       1524   adc.o
       732         40          0          8         20       2818   can.o
         0          0          0          0          0         32   core_cm3.o
       212         18          0          4          0        983   delay.o
       304         24          0          1        496       1691   dma.o
        92         10          0          1          0       1433   flash.o
       204         18          0          0          0        546   led.o
       476         44          0         48         40     247182   main.o
       220         22          0          0          0       1749   misc.o
      1736         62          0        130        128     226644   modbus_slave_170m.o
        64         26        236          0       1536        772   startup_stm32f10x_md.o
      1102         26          0          0          0      10781   stm32f10x_adc.o
      2544         38          0          0          0       7800   stm32f10x_can.o
       596          8          0          0          0       4274   stm32f10x_dma.o
      1468         34          0          0          0       7978   stm32f10x_flash.o
       860         38          0          0          0       5593   stm32f10x_gpio.o
        60          6          0          0          0       1283   stm32f10x_it.o
        64          6          0          0          0       1241   stm32f10x_iwdg.o
       932         36          0         20          0       8740   stm32f10x_rcc.o
      1032         22          0          0          0       8316   stm32f10x_usart.o
        98          0          0          0          0        529   sys.o
       480         38          0         20          0       1691   system_stm32f10x.o
       328         22          0          0          0       2761   usart.o
        44          0          0          0          0        622   wdg.o

    ----------------------------------------------------------------------
     14480        580        268        236       2236     549075   Object Totals
         0          0         32          0          0          0   (incl. Generated)
         4          0          0          4          0          0   (incl. Padding)

    ----------------------------------------------------------------------

      Code (inc. data)   RO Data    RW Data    ZI Data      Debug   Library Member Name

         8          0          0          0          0         68   __main.o
         0          0          0          0          0          0   __rtentry.o
        12          0          0          0          0          0   __rtentry2.o
         6          0          0          0          0          0   __rtentry4.o
        52          8          0          0          0          0   __scatter.o
        26          0          0          0          0          0   __scatter_copy.o
        28          0          0          0          0          0   __scatter_zi.o
        12          0          0          0          0         72   exit.o
         6          0          0          0          0        152   heapauxi.o
         2          0          0          0          0          0   libinit.o
         2          0          0          0          0          0   libinit2.o
         2          0          0          0          0          0   libshutdown.o
         2          0          0          0          0          0   libshutdown2.o
         8          4          0          0         96         68   libspace.o
         2          0          0          0          0          0   rtexit.o
        10          0          0          0          0          0   rtexit2.o
        74          0          0          0          0         80   sys_stackheap_outer.o
         2          0          0          0          0         68   use_no_semi.o
         2          0          0          0          0         68   use_no_semi_2.o
        48          0          0          0          0         68   fflt_clz.o
         0          0          0          0          0          0   usenofp.o

    ----------------------------------------------------------------------
       308         12          0          0         96        644   Library Totals
         4          0          0          0          0          0   (incl. Padding)

    ----------------------------------------------------------------------

      Code (inc. data)   RO Data    RW Data    ZI Data      Debug   Library Name

       256         12          0          0         96        576   c_w.l
        48          0          0          0          0         68   fz_ws.l

    ----------------------------------------------------------------------
       308         12          0          0         96        644   Library Totals

    ----------------------------------------------------------------------

==============================================================================


      Code (inc. data)   RO Data    RW Data    ZI Data      Debug   

     14788        592        268        236       2332     547427   Grand Totals
     14788        592        268        236       2332     547427   ELF Image Totals
     14788        592        268        236          0          0   ROM Totals

==============================================================================

    Total RO  Size (Code + RO Data)                15056 (  14.70kB)
    Total RW  Size (RW Data + ZI Data)              2568 (   2.51kB)
    Total ROM Size (Code + RO Data + RW Data)      15292 (  14.93kB)

==============================================================================

